[    4469ms] [INFO] %cDownload the React DevTools for a better development experience: https://reactjs.org/link/react-devtools font-weight:bold @ http://localhost:5173/node_modules/.vite/deps/chunk-PJEEZAML.js?v=d0181ab9:21550
[    4562ms] [WARNING] ⚠️ React Router Future Flag Warning: React Router will begin wrapping state updates in `React.startTransition` in v7. You can use the `v7_startTransition` future flag to opt-in early. For more information, see https://reactrouter.com/v6/upgrading/future#v7_starttransition. @ http://localhost:5173/node_modules/.vite/deps/react-router-dom.js?v=56e8d3d7:4416
[    4562ms] [WARNING] ⚠️ React Router Future Flag Warning: Relative route resolution within Splat routes is changing in v7. You can use the `v7_relativeSplatPath` future flag to opt-in early. For more information, see https://reactrouter.com/v6/upgrading/future#v7_relativesplatpath. @ http://localhost:5173/node_modules/.vite/deps/react-router-dom.js?v=56e8d3d7:4416
[    4596ms] [ERROR] Failed to load resource: the server responded with a status of 404 (Not Found) @ http://localhost:5173/favicon.ico:0
[    4597ms] [ERROR] Failed to load resource: the server responded with a status of 404 (Not Found) @ http://localhost:5173/favicon.ico:0
[  815068ms] Error: useInterview 必须在 InterviewProvider 内使用
    at useInterview (http://localhost:5173/src/store/InterviewContext.tsx?t=1787394142494:55:19)
    at Report (http://localhost:5173/src/pages/Report.tsx?t=1787394142494:49:21)
    at renderWithHooks (http://localhost:5173/node_modules/.vite/deps/chunk-PJEEZAML.js?v=d0181ab9:11548:26)
    at mountIndeterminateComponent (http://localhost:5173/node_modules/.vite/deps/chunk-PJEEZAML.js?v=d0181ab9:14926:21)
    at beginWork (http://localhost:5173/node_modules/.vite/deps/chunk-PJEEZAML.js?v=d0181ab9:15914:22)
    at HTMLUnknownElement.callCallback2 (http://localhost:5173/node_modules/.vite/deps/chunk-PJEEZAML.js?v=d0181ab9:3674:22)
    at Object.invokeGuardedCallbackDev (http://localhost:5173/node_modules/.vite/deps/chunk-PJEEZAML.js?v=d0181ab9:3699:24)
    at invokeGuardedCallback (http://localhost:5173/node_modules/.vite/deps/chunk-PJEEZAML.js?v=d0181ab9:3733:39)
    at beginWork$1 (http://localhost:5173/node_modules/.vite/deps/chunk-PJEEZAML.js?v=d0181ab9:19765:15)
    at performUnitOfWork (http://localhost:5173/node_modules/.vite/deps/chunk-PJEEZAML.js?v=d0181ab9:19198:20)
[  815074ms] Error: useInterview 必须在 InterviewProvider 内使用
    at useInterview (http://localhost:5173/src/store/InterviewContext.tsx?t=1787394142494:55:19)
    at Report (http://localhost:5173/src/pages/Report.tsx?t=1787394142494:49:21)
    at renderWithHooks (http://localhost:5173/node_modules/.vite/deps/chunk-PJEEZAML.js?v=d0181ab9:11548:26)
    at mountIndeterminateComponent (http://localhost:5173/node_modules/.vite/deps/chunk-PJEEZAML.js?v=d0181ab9:14926:21)
    at beginWork (http://localhost:5173/node_modules/.vite/deps/chunk-PJEEZAML.js?v=d0181ab9:15914:22)
    at HTMLUnknownElement.callCallback2 (http://localhost:5173/node_modules/.vite/deps/chunk-PJEEZAML.js?v=d0181ab9:3674:22)
    at Object.invokeGuardedCallbackDev (http://localhost:5173/node_modules/.vite/deps/chunk-PJEEZAML.js?v=d0181ab9:3699:24)
    at invokeGuardedCallback (http://localhost:5173/node_modules/.vite/deps/chunk-PJEEZAML.js?v=d0181ab9:3733:39)
    at beginWork$1 (http://localhost:5173/node_modules/.vite/deps/chunk-PJEEZAML.js?v=d0181ab9:19765:15)
    at performUnitOfWork (http://localhost:5173/node_modules/.vite/deps/chunk-PJEEZAML.js?v=d0181ab9:19198:20)
[  815075ms] [ERROR] The above error occurred in the <Report> component:

    at Report (http://localhost:5173/src/pages/Report.tsx?t=1787394142494:49:21)
    at RenderedRoute (http://localhost:5173/node_modules/.vite/deps/react-router-dom.js?v=56e8d3d7:4112:5)
    at Routes (http://localhost:5173/node_modules/.vite/deps/react-router-dom.js?v=56e8d3d7:4582:5)
    at div
    at Router (http://localhost:5173/node_modules/.vite/deps/react-router-dom.js?v=56e8d3d7:4525:15)
    at BrowserRouter (http://localhost:5173/node_modules/.vite/deps/react-router-dom.js?v=56e8d3d7:5263:5)
    at InterviewProvider (http://localhost:5173/src/store/InterviewContext.tsx?t=1787394143473:30:37)
    at App

Consider adding an error boundary to your tree to customize error handling behavior.
Visit https://reactjs.org/link/error-boundaries to learn more about error boundaries. @ http://localhost:5173/node_modules/.vite/deps/chunk-PJEEZAML.js?v=d0181ab9:14031
[  815079ms] Error: useInterview 必须在 InterviewProvider 内使用
    at useInterview (http://localhost:5173/src/store/InterviewContext.tsx?t=1787394142494:55:19)
    at Report (http://localhost:5173/src/pages/Report.tsx?t=1787394142494:49:21)
    at renderWithHooks (http://localhost:5173/node_modules/.vite/deps/chunk-PJEEZAML.js?v=d0181ab9:11548:26)
    at mountIndeterminateComponent (http://localhost:5173/node_modules/.vite/deps/chunk-PJEEZAML.js?v=d0181ab9:14926:21)
    at beginWork (http://localhost:5173/node_modules/.vite/deps/chunk-PJEEZAML.js?v=d0181ab9:15914:22)
    at beginWork$1 (http://localhost:5173/node_modules/.vite/deps/chunk-PJEEZAML.js?v=d0181ab9:19753:22)
    at performUnitOfWork (http://localhost:5173/node_modules/.vite/deps/chunk-PJEEZAML.js?v=d0181ab9:19198:20)
    at workLoopSync (http://localhost:5173/node_modules/.vite/deps/chunk-PJEEZAML.js?v=d0181ab9:19137:13)
    at renderRootSync (http://localhost:5173/node_modules/.vite/deps/chunk-PJEEZAML.js?v=d0181ab9:19116:15)
    at recoverFromConcurrentError (http://localhost:5173/node_modules/.vite/deps/chunk-PJEEZAML.js?v=d0181ab9:18736:28)
[  815109ms] [ERROR] Failed to load resource: the server responded with a status of 400 (Bad Request) @ http://localhost:5173/api/report/generate:0
[  815113ms] [ERROR] Failed to load resource: the server responded with a status of 400 (Bad Request) @ http://localhost:5173/api/report/generate:0
[  964275ms] [INFO] %cDownload the React DevTools for a better development experience: https://reactjs.org/link/react-devtools font-weight:bold @ http://localhost:5173/node_modules/.vite/deps/chunk-PJEEZAML.js?v=d0181ab9:21550
[  964291ms] [WARNING] ⚠️ React Router Future Flag Warning: React Router will begin wrapping state updates in `React.startTransition` in v7. You can use the `v7_startTransition` future flag to opt-in early. For more information, see https://reactrouter.com/v6/upgrading/future#v7_starttransition. @ http://localhost:5173/node_modules/.vite/deps/react-router-dom.js?v=56e8d3d7:4416
[  964291ms] [WARNING] ⚠️ React Router Future Flag Warning: Relative route resolution within Splat routes is changing in v7. You can use the `v7_relativeSplatPath` future flag to opt-in early. For more information, see https://reactrouter.com/v6/upgrading/future#v7_relativesplatpath. @ http://localhost:5173/node_modules/.vite/deps/react-router-dom.js?v=56e8d3d7:4416
[  964323ms] [ERROR] Failed to load resource: the server responded with a status of 400 (Bad Request) @ http://localhost:5173/api/report/generate:0
[  964324ms] [ERROR] Failed to load resource: the server responded with a status of 400 (Bad Request) @ http://localhost:5173/api/report/generate:0
